33,46
480
192
5000
..............................................
.rr.rr.eeeeeeeeee.eeeeeeeeee.eeeeeeeeee.rr.rr.
.rr.rr.@@@@@@@@@@.@@@@@@@@@@.@@@@@@@@@@.rr.rr.
.rr.rr.eeeeeeeeee.eeeeeeeeee.eeeeeeeeee.rr.rr.
..............................................
.rr.rr.eeeeeeeeee.eeeeeeeeee.eeeeeeeeee.rr.rr.
.rr.rr.@@@@@@@@@@.@@@@@@@@@@.@@@@@@@@@@.rr.rr.
.rr.rr.eeeeeeeeee.eeeeeeeeee.eeeeeeeeee.rr.rr.
..............................................
.rr.rr.eeeeeeeeee.eeeeeeeeee.eeeeeeeeee.rr.rr.
.rr.rr.@@@@@@@@@@.@@@@@@@@@@.@@@@@@@@@@.rr.rr.
.rr.rr.eeeeeeeeee.eeeeeeeeee.eeeeeeeeee.rr.rr.
..............................................
.rr.rr.eeeeeeeeee.eeeeeeeeee.eeeeeeeeee.rr.rr.
.rr.rr.@@@@@@@@@@.@@@@@@@@@@.@@@@@@@@@@.rr.rr.
.rr.rr.eeeeeeeeee.eeeeeeeeee.eeeeeeeeee.rr.rr.
..............................................
.rr.rr.eeeeeeeeee.eeeeeeeeee.eeeeeeeeee.rr.rr.
.rr.rr.@@@@@@@@@@.@@@@@@@@@@.@@@@@@@@@@.rr.rr.
.rr.rr.eeeeeeeeee.eeeeeeeeee.eeeeeeeeee.rr.rr.
..............................................
.rr.rr.eeeeeeeeee.eeeeeeeeee.eeeeeeeeee.rr.rr.
.rr.rr.@@@@@@@@@@.@@@@@@@@@@.@@@@@@@@@@.rr.rr.
.rr.rr.eeeeeeeeee.eeeeeeeeee.eeeeeeeeee.rr.rr.
..............................................
.rr.rr.eeeeeeeeee.eeeeeeeeee.eeeeeeeeee.rr.rr.
.rr.rr.@@@@@@@@@@.@@@@@@@@@@.@@@@@@@@@@.rr.rr.
.rr.rr.eeeeeeeeee.eeeeeeeeee.eeeeeeeeee.rr.rr.
..............................................
.rr.rr.eeeeeeeeee.eeeeeeeeee.eeeeeeeeee.rr.rr.
.rr.rr.@@@@@@@@@@.@@@@@@@@@@.@@@@@@@@@@.rr.rr.
.rr.rr.eeeeeeeeee.eeeeeeeeee.eeeeeeeeee.rr.rr.
..............................................
